[36mvite v5.4.19 [32mbuilding for production...[36m[39m
transforming...
node.exe : Browserslist: browsers 
data (caniuse-lite) is 10 months 
old. Please run:
At line:1 char:1
+ & "C:\Program 
Files\nodejs/node.exe" "C:\Program 
Files\nodejs/node_mo ...
+ ~~~~~~~~~~~~~~~~~~~~~~~~~~~~~~~~~
~~~~~~~~~~~~~~~~~~~~~~~~~~~~~~~~~~~
~
    + CategoryInfo          : NotS 
   pecified: (Browserslist: b...l  
  d. Please run::String) [], Rem   
 oteException
    + FullyQualifiedErrorId : Nati 
   veCommandError
 
  npx update-browserslist-db@latest
  Why you should do it regularly: h
ttps://github.com/browserslist/upda
te-db#readme
[32mΓ£ô[39m 2986 modules transformed.
rendering chunks...
computing gzip size...
[2mdist/[22m[32mindex.html                            [39m[1m[2m    0.56 kB[22m[1m[22m[2m Γöé gzip:   0.36 kB[22m
[2mdist/[22m[32massets/profile-avatar-CQ2NHzpp.jpg    [39m[1m[2m   16.05 kB[22m[1m[22m
[2mdist/[22m[32massets/cert-uiux-Bq_T5dO-.jpg         [39m[1m[2m   31.69 kB[22m[1m[22m
[2mdist/[22m[32massets/course-video-bg-BQjT0s5z.jpg   [39m[1m[2m   41.80 kB[22m[1m[22m
[2mdist/[22m[32massets/auth-signup-hero-Cj4_tt64.jpg  [39m[1m[2m   52.51 kB[22m[1m[22m
[2mdist/[22m[32massets/auth-login-hero-DwxFibU9.jpg   [39m[1m[2m   67.17 kB[22m[1m[22m
[2mdist/[22m[35massets/index-B4UCjXm5.css             [39m[1m[2m   55.51 kB[22m[1m[22m[2m Γöé gzip:   9.98 kB[22m
[2mdist/[22m[36massets/purify.es-KBy9Vb4R.js          [39m[1m[2m   22.88 kB[22m[1m[22m[2m Γöé gzip:   8.84 kB[22m
[2mdist/[22m[36massets/index.es-CDOOiCqw.js           [39m[1m[2m  150.58 kB[22m[1m[22m[2m Γöé gzip:  51.53 kB[22m
[2mdist/[22m[36massets/index-BJrTYzkP.js              [39m[1m[33m1,701.31 kB[39m[22m[2m Γöé gzip: 483.06 kB[22m
[33m
(!) Some chunks are larger than 
500 kB after minification. 
Consider:
- Using dynamic import() to 
code-split the application
- Use build.rollupOptions.output.ma
nualChunks to improve chunking: htt
ps://rollupjs.org/configuration-opt
ions/#output-manualchunks
- Adjust chunk size limit for this 
warning via 
build.chunkSizeWarningLimit.[39m
[32mΓ£ô built in 12.65s[39m
